// Jest Snapshot v1, https://goo.gl/fbAQLP

exports[`render Home page 1`] = `
Array [
  <header
    className="sc-dlnjwi kgUbIl"
  >
    <div
      className="sc-gtsrHT mSBoN"
    >
      CRUD
    </div>
  </header>,
  <div
    className="sc-eCApnc fCrHnU"
  >
    <div
      className="sc-jSFjdj bpKePK"
    />
    <button
      className="MuiButtonBase-root MuiButton-root MuiButton-contained MuiButton-containedPrimary"
      disabled={false}
      onBlur={[Function]}
      onClick={[Function]}
      onDragLeave={[Function]}
      onFocus={[Function]}
      onKeyDown={[Function]}
      onKeyUp={[Function]}
      onMouseDown={[Function]}
      onMouseLeave={[Function]}
      onMouseUp={[Function]}
      onTouchEnd={[Function]}
      onTouchMove={[Function]}
      onTouchStart={[Function]}
      tabIndex={0}
      type="button"
    >
      <span
        className="MuiButton-label"
      >
        Adicionar estado
      </span>
    </button>
  </div>,
]
`;
